// Jest Snapshot v1, https://goo.gl/fbAQLP

exports[`生成html注入script 添加script标签到head 1`] = `
"<!DOCTYPE html>
<html>
  <head>
    <meta charset=\\"utf-8\\" />
    <title>Webpack App</title>
    <meta name=\\"viewport\\" content=\\"width=device-width, initial-scale=1\\" />
  <script src=\\"http://unpkg.jd.com/lodash@4.17.20/lodash.js\\" preload></script><script type=\\"javascript\\">const l = _</script><link rel=\\"stylesheet\\" href=\\"http://unpkg.jd.com/animate.css@4.1.0/animate.css\\"></head>
  <body>
    <div id=\\"root\\"></div>
  <script src=\\"/main.js\\"></script></body>
</html>
"
`;
